// Jest Snapshot v1, https://goo.gl/fbAQLP

exports[`withPrivateRoute HOC work correct PrivateRoute component is correct 1`] = `
<Route
  render={[Function]}
/>
`;
