// Jest Snapshot v1, https://goo.gl/fbAQLP

exports[`OfferCard correctly renders after relaunch 1`] = `
<article
  className="card place-card"
  onMouseEnter={[Function]}
  onMouseLeave={[Function]}
>
  <div
    className="__image-wrapper place-card__image-wrapper"
  >
    <a
      href="#"
    >
      <img
        alt="Place image"
        className="place-card__image"
        height="200"
        src="room.jpg"
        width="260"
      />
    </a>
  </div>
  <div
    className=" place-card__info"
  >
    <div
      className="place-card__price-wrapper"
    >
      <div
        className="place-card__price"
      >
        <b
          className="place-card__price-value"
        >
          €
          0
        </b>
        <span
          className="place-card__price-text"
        >
          / night
        </span>
      </div>
      <button
        className="place-card__bookmark-button false button"
        onClick={[Function]}
        type="button"
      >
        <svg
          className="place-card__bookmark-icon"
          height="19"
          width="18"
        >
          <use
            xlinkHref="#icon-bookmark"
          />
        </svg>
        <span
          className="visually-hidden"
        >
          To bookmarks
        </span>
      </button>
    </div>
    <div
      className="place-card__rating rating"
    >
      <div
        className="place-card__stars rating__stars"
      >
        <span
          style={
            Object {
              "width": "0%",
            }
          }
        />
        <span
          className="visually-hidden"
        >
          Rating
        </span>
      </div>
    </div>
    <h2
      className="place-card__name"
    >
      <Link
        to="/offer/0"
      />
    </h2>
    <p
      className="place-card__type"
    >
      Room
    </p>
  </div>
</article>
`;
