// Jest Snapshot v1, https://goo.gl/fbAQLP

exports[`PageLayout correctly renders after relaunch 1`] = `
<div
  className="page page--gray page--login"
>
  <Connect(Header) />
  <div>
    Контент
  </div>
</div>
`;
