// Jest Snapshot v1, https://goo.gl/fbAQLP

exports[`FavoritesList correctly renders after relaunch 1`] = `
<PageLayout
  pageName="favorites"
>
  <main
    className="page__main page__main--favorites"
  >
    <div
      className="page__favorites-container container"
    >
      <section
        className="favorites"
      >
        <h1
          className="favorites__title"
        >
          Saved listing
        </h1>
        <ul
          className="favorites__list"
        >
          <li
            className="favorites__locations-items"
            key="Amsterdam-0"
          >
            <div
              className="favorites__locations locations locations--current"
            >
              <div
                className="locations__item"
              >
                <a
                  className="locations__item-link"
                  href="#"
                >
                  <span>
                    Amsterdam
                  </span>
                </a>
              </div>
            </div>
            <div
              className="favorites__places"
            >
              <OfferCard
                classCard={
                  Object {
                    "card": "favorites__",
                    "info": "favorites__card-info",
                    "wrapper": "favorites",
                  }
                }
                isFavoriteOffer={true}
                key="1"
                offer={
                  Object {
                    "city": Object {
                      "location": Object {
                        "coordinateCity": Array [
                          52.370216,
                          4.895168,
                        ],
                        "zoomCity": 10,
                      },
                      "name": "Amsterdam",
                    },
                    "features": Array [
                      "Entire place",
                      "3 Bedrooms",
                      "Max 4 adults",
                    ],
                    "hostUser": Object {
                      "avatar": "img/1.png",
                      "id": 3,
                      "name": "Angelina",
                      "status": true,
                    },
                    "id": 1,
                    "img": "img/1.png",
                    "insideProperties": Array [
                      "Heating",
                      "Kitchen",
                      "Cable TV",
                      "Washing machine",
                      "Coffee machine",
                      "Dishwasher",
                    ],
                    "isFavorite": true,
                    "isPremium": false,
                    "location": Object {
                      "coordinate": Array [
                        52.35514938496378,
                        4.673877537499948,
                      ],
                      "zoom": 8,
                    },
                    "photos": Array [],
                    "price": 120,
                    "rating": 5,
                    "title": "Beautiful & luxurious studio at great location",
                    "type": "apartment",
                  }
                }
                offerId={1}
                onActiveOfferMouseEnter={[Function]}
                onDeactiveOfferMouseLeave={[Function]}
                onFavoriteOfferClick={[Function]}
              />
            </div>
          </li>
        </ul>
      </section>
    </div>
  </main>
  <footer
    className="footer container"
  >
    <Link
      className="footer__logo-link"
      to="/"
    >
      <img
        alt="6 cities logo"
        className="footer__logo"
        height="33"
        src="img/logo.svg"
        width="64"
      />
    </Link>
  </footer>
</PageLayout>
`;
