// Jest Snapshot v1, https://goo.gl/fbAQLP

exports[`CityList correctly renders after relaunch 1`] = `
<ul
  className="locations__list tabs__list"
>
  <li
    className="locations__item"
    key="location-Amsterdam"
  >
    <a
      className="locations__item-link tabs__item tabs__item--active"
      href="#"
      onClick={[Function]}
    >
      <span>
        Amsterdam
      </span>
    </a>
  </li>
</ul>
`;
