// Jest Snapshot v1, https://goo.gl/fbAQLP

exports[`DetailInfo correctly renders after relaunch 1`] = `
<div
  className="page"
>
  <header
    className="header"
  >
    <div
      className="container"
    >
      <div
        className="header__wrapper"
      >
        <div
          className="header__left"
        >
          <a
            className="header__logo-link"
            href="/"
          >
            <img
              alt="6 cities logo"
              className="header__logo"
              height="41"
              src="/img/logo.svg"
              width="81"
            />
          </a>
        </div>
        <nav
          className="header__nav"
        >
          <ul
            className="header__nav-list"
          >
            <li
              className="header__nav-item user"
            >
              <a
                className="header__nav-link header__nav-link--profile"
                href="#"
              >
                <div
                  className="header__avatar-wrapper user__avatar-wrapper"
                />
                <span
                  className="header__user-name user__name"
                >
                  Oliver.conner@gmail.com
                </span>
              </a>
            </li>
          </ul>
        </nav>
      </div>
    </div>
  </header>
  <main
    className="page__main page__main--property"
  >
    <section
      className="property"
    >
      <div
        className="property__gallery-container container"
      >
        <div
          className="property__gallery"
        >
          <div
            className="property__image-wrapper"
            key="photo-0"
          >
            <img
              alt="Photo studio"
              className="property__image"
              src="/img/room.jpg"
            />
          </div>
          <div
            className="property__image-wrapper"
            key="photo-1"
          >
            <img
              alt="Photo studio"
              className="property__image"
              src="/img/apartment-01.jpg"
            />
          </div>
          <div
            className="property__image-wrapper"
            key="photo-2"
          >
            <img
              alt="Photo studio"
              className="property__image"
              src="/img/apartment-02.jpg"
            />
          </div>
          <div
            className="property__image-wrapper"
            key="photo-3"
          >
            <img
              alt="Photo studio"
              className="property__image"
              src="/img/apartment-03.jpg"
            />
          </div>
          <div
            className="property__image-wrapper"
            key="photo-4"
          >
            <img
              alt="Photo studio"
              className="property__image"
              src="/img/studio-01.jpg"
            />
          </div>
          <div
            className="property__image-wrapper"
            key="photo-5"
          >
            <img
              alt="Photo studio"
              className="property__image"
              src="/img/apartment-01.jpg"
            />
          </div>
        </div>
      </div>
      <div
        className="property__container container"
      >
        <div
          className="property__wrapper"
        >
          <div
            className="property__mark"
          >
            <span>
              Premium
            </span>
          </div>
          <div
            className="property__name-wrapper"
          >
            <h1
              className="property__name"
            >
              Beautiful & luxurious apartment at great location
            </h1>
            <button
              className="property__bookmark-button button"
              type="button"
            >
              <svg
                className="property__bookmark-icon"
                height="33"
                width="31"
              >
                <use
                  xlinkHref="#icon-bookmark"
                />
              </svg>
              <span
                className="visually-hidden"
              >
                To bookmarks
              </span>
            </button>
          </div>
          <div
            className="property__rating rating"
          >
            <div
              className="property__stars rating__stars"
            >
              <span
                style={
                  Object {
                    "width": "96%",
                  }
                }
              />
              <span
                className="visually-hidden"
              >
                Rating
              </span>
            </div>
            <span
              className="property__rating-value rating__value"
            >
              4.8
            </span>
          </div>
          <ul
            className="property__features"
          >
            <li
              className="property__feature property__feature--entire"
              key="feature-0"
            >
              Entire place
            </li>
            <li
              className="property__feature property__feature--entire"
              key="feature-1"
            >
              3 Bedrooms
            </li>
            <li
              className="property__feature property__feature--entire"
              key="feature-2"
            >
              Max 4 adults
            </li>
          </ul>
          <div
            className="property__price"
          >
            <b
              className="property__price-value"
            >
              €
              120
            </b>
            <span
              className="property__price-text"
            >
               night
            </span>
          </div>
          <div
            className="property__inside"
          >
            <h2
              className="property__inside-title"
            >
              What's inside
            </h2>
            <ul
              className="property__inside-list"
            >
              <li
                className="property__inside-item"
                key="inside-property-0"
              >
                Wi-Fi
              </li>
              <li
                className="property__inside-item"
                key="inside-property-1"
              >
                Washing machine
              </li>
              <li
                className="property__inside-item"
                key="inside-property-2"
              >
                Towels
              </li>
              <li
                className="property__inside-item"
                key="inside-property-3"
              >
                Heating
              </li>
              <li
                className="property__inside-item"
                key="inside-property-4"
              >
                Coffee machine
              </li>
              <li
                className="property__inside-item"
                key="inside-property-5"
              >
                Baby seat
              </li>
              <li
                className="property__inside-item"
                key="inside-property-6"
              >
                Kitchen
              </li>
              <li
                className="property__inside-item"
                key="inside-property-7"
              >
                Dishwasher
              </li>
              <li
                className="property__inside-item"
                key="inside-property-8"
              >
                Cabel TV
              </li>
              <li
                className="property__inside-item"
                key="inside-property-9"
              >
                Fridge
              </li>
            </ul>
          </div>
          <div
            className="property__host"
          >
            <h2
              className="property__host-title"
            >
              Meet the host
            </h2>
            <div
              className="property__host-user user"
            >
              <div
                className="property__avatar-wrapper property__avatar-wrapper--pro user__avatar-wrapper"
              >
                <img
                  alt="Host avatar"
                  className="property__avatar user__avatar"
                  height="74"
                  src="/img/avatar-angelina.jpg"
                  width="74"
                />
              </div>
              <span
                className="property__user-name"
              >
                Angelina
              </span>
              <span
                className="property__user-status"
              >
                pro
              </span>
            </div>
            <div
              className="property__description"
            >
              <p
                className="property__text"
                key="text-0"
              >
                A quiet cozy and picturesque that hides behind a a river
      by the unique lightness of Amsterdam. The building is green
      and from 18th century.
              </p>
              <p
                className="property__text"
                key="text-1"
              >
                An independent House, strategically
      located between Rembrand Square and National Opera, but where
      the bustle of the city comes to rest in this alley flowery and
      colorful.
              </p>
            </div>
          </div>
          <section
            className="property__reviews reviews"
          >
            <h2
              className="reviews__title"
            >
              Reviews · 
              <span
                className="reviews__amount"
              >
                2
              </span>
            </h2>
            <ReviewsList
              reviews={
                Array [
                  Object {
                    "avatar": "avatar-max.jpg",
                    "date": "April 2019",
                    "description": "A quiet cozy and picturesque that hides behind a a river by the unique lightness of Amsterdam. The building is green and from 18th century.",
                    "id": "review1",
                    "name": "Max",
                    "rating": 4.7,
                  },
                  Object {
                    "avatar": "avatar-max.jpg",
                    "date": "May 2019",
                    "description": "A quiet cozy and picturesque that hides behind a a river by the unique lightness of Amsterdam. The building is green and from 18th century.",
                    "id": "review2",
                    "name": "Alex",
                    "rating": 4,
                  },
                ]
              }
            />
            <form
              action="#"
              className="reviews__form form"
              method="post"
            >
              <label
                className="reviews__label form__label"
                htmlFor="review"
              >
                Your review
              </label>
              <div
                className="reviews__rating-form form__rating"
              >
                <input
                  className="form__rating-input visually-hidden"
                  id="5-stars"
                  name="rating"
                  type="radio"
                  value="5"
                />
                <label
                  className="reviews__rating-label form__rating-label"
                  htmlFor="5-stars"
                  title="perfect"
                >
                  <svg
                    className="form__star-image"
                    height="33"
                    width="37"
                  >
                    <use
                      xlinkHref="#icon-star"
                    />
                  </svg>
                </label>
                <input
                  className="form__rating-input visually-hidden"
                  id="4-stars"
                  name="rating"
                  type="radio"
                  value="4"
                />
                <label
                  className="reviews__rating-label form__rating-label"
                  htmlFor="4-stars"
                  title="good"
                >
                  <svg
                    className="form__star-image"
                    height="33"
                    width="37"
                  >
                    <use
                      xlinkHref="#icon-star"
                    />
                  </svg>
                </label>
                <input
                  className="form__rating-input visually-hidden"
                  id="3-stars"
                  name="rating"
                  type="radio"
                  value="3"
                />
                <label
                  className="reviews__rating-label form__rating-label"
                  htmlFor="3-stars"
                  title="not bad"
                >
                  <svg
                    className="form__star-image"
                    height="33"
                    width="37"
                  >
                    <use
                      xlinkHref="#icon-star"
                    />
                  </svg>
                </label>
                <input
                  className="form__rating-input visually-hidden"
                  id="2-stars"
                  name="rating"
                  type="radio"
                  value="2"
                />
                <label
                  className="reviews__rating-label form__rating-label"
                  htmlFor="2-stars"
                  title="badly"
                >
                  <svg
                    className="form__star-image"
                    height="33"
                    width="37"
                  >
                    <use
                      xlinkHref="#icon-star"
                    />
                  </svg>
                </label>
                <input
                  className="form__rating-input visually-hidden"
                  id="1-star"
                  name="rating"
                  type="radio"
                  value="1"
                />
                <label
                  className="reviews__rating-label form__rating-label"
                  htmlFor="1-star"
                  title="terribly"
                >
                  <svg
                    className="form__star-image"
                    height="33"
                    width="37"
                  >
                    <use
                      xlinkHref="#icon-star"
                    />
                  </svg>
                </label>
              </div>
              <textarea
                className="reviews__textarea form__textarea"
                id="review"
                name="review"
                placeholder="Tell how was your stay, what you like and what can be improved"
              />
              <div
                className="reviews__button-wrapper"
              >
                <p
                  className="reviews__help"
                >
                  To submit review please make sure to set 
                  <span
                    className="reviews__star"
                  >
                    rating
                  </span>
                   and describe your stay with at least 
                  <b
                    className="reviews__text-amount"
                  >
                    50 characters
                  </b>
                  .
                </p>
                <button
                  className="reviews__submit form__submit button"
                  disabled=""
                  type="submit"
                >
                  Submit
                </button>
              </div>
            </form>
          </section>
        </div>
      </div>
      <section
        className="property__map map"
      >
        <Map
          activeCoordinate={
            Array [
              52.3909553943508,
              4.85309666406198,
            ]
          }
          coordinates={
            Array [
              Array [
                52.369553943508,
                4.85309666406198,
              ],
              Array [
                52.3909553943508,
                4.929309666406198,
              ],
              Array [
                52.3809553943508,
                4.939309666406198,
              ],
            ]
          }
        />
      </section>
    </section>
    <div
      className="container"
    >
      <section
        className="near-places places"
      >
        <h2
          className="near-places__title"
        >
          Other places in the neighbourhood
        </h2>
        <Connect(OfferList)
          isNearPlace={true}
          offers={
            Array [
              Object {
                "city": Object {
                  "location": Object {
                    "latitude": 52.3909553943508,
                    "longitude": 4.85309666406198,
                    "zoom": 12,
                  },
                  "name": "Amsterdam",
                },
                "coordinate": Array [
                  52.3909553943508,
                  4.85309666406198,
                ],
                "features": Array [
                  "Entire place",
                  "3 Bedrooms",
                  "Max 4 adults",
                ],
                "hostUser": Object {
                  "avatar": "avatar-angelina.jpg",
                  "description": Array [
                    "A quiet cozy and picturesque that hides behind a a river
      by the unique lightness of Amsterdam. The building is green
      and from 18th century.",
                    "An independent House, strategically
      located between Rembrand Square and National Opera, but where
      the bustle of the city comes to rest in this alley flowery and
      colorful.",
                  ],
                  "name": "Angelina",
                  "status": "pro",
                },
                "id": "id0",
                "img": "apartment-01.jpg",
                "insideProperties": Array [
                  "Wi-Fi",
                  "Washing machine",
                  "Towels",
                  "Heating",
                  "Coffee machine",
                  "Baby seat",
                  "Kitchen",
                  "Dishwasher",
                  "Cabel TV",
                  "Fridge",
                ],
                "isPremium": true,
                "photos": Array [
                  "room.jpg",
                  "apartment-01.jpg",
                  "apartment-02.jpg",
                  "apartment-03.jpg",
                  "studio-01.jpg",
                  "apartment-01.jpg",
                ],
                "price": 110,
                "rating": 4.8,
                "reviews": Array [
                  Object {
                    "avatar": "avatar-max.jpg",
                    "date": "April 2019",
                    "description": "A quiet cozy and picturesque that hides behind a a river by the unique lightness of Amsterdam. The building is green and from 18th century.",
                    "id": "review1",
                    "name": "Max",
                    "rating": 4.7,
                  },
                  Object {
                    "avatar": "avatar-max.jpg",
                    "date": "May 2019",
                    "description": "A quiet cozy and picturesque that hides behind a a river by the unique lightness of Amsterdam. The building is green and from 18th century.",
                    "id": "review2",
                    "name": "Alex",
                    "rating": 4,
                  },
                ],
                "title": "Beautiful & luxurious apartment at great location",
                "type": "apartment",
              },
              Object {
                "city": Object {
                  "location": Object {
                    "latitude": 52.3909553943508,
                    "longitude": 4.85309666406198,
                    "zoom": 12,
                  },
                  "name": "Amsterdam",
                },
                "coordinate": Array [
                  52.369553943508,
                  4.85309666406198,
                ],
                "features": Array [
                  "Entire place",
                  "3 Bedrooms",
                  "Max 4 adults",
                ],
                "hostUser": Object {
                  "avatar": "avatar-angelina.jpg",
                  "description": Array [
                    "A quiet cozy and picturesque that hides behind a a river
      by the unique lightness of Amsterdam. The building is green
      and from 18th century.",
                    "An independent House, strategically
      located between Rembrand Square and National Opera, but where
      the bustle of the city comes to rest in this alley flowery and
      colorful.",
                  ],
                  "name": "Angelina",
                  "status": "pro",
                },
                "id": "id1",
                "img": "room.jpg",
                "insideProperties": Array [
                  "Wi-Fi",
                  "Washing machine",
                  "Towels",
                  "Heating",
                  "Coffee machine",
                  "Baby seat",
                  "Kitchen",
                  "Dishwasher",
                  "Cabel TV",
                  "Fridge",
                ],
                "isPremium": false,
                "photos": Array [
                  "room.jpg",
                  "apartment-01.jpg",
                  "apartment-02.jpg",
                  "apartment-03.jpg",
                  "studio-01.jpg",
                  "apartment-01.jpg",
                ],
                "price": 120,
                "rating": 4,
                "reviews": Array [
                  Object {
                    "avatar": "avatar-max.jpg",
                    "date": "April 2019",
                    "description": "A quiet cozy and picturesque that hides behind a a river by the unique lightness of Amsterdam. The building is green and from 18th century.",
                    "id": "review1",
                    "name": "Max",
                    "rating": 4.7,
                  },
                ],
                "title": "Wood and stone place",
                "type": "private room",
              },
              Object {
                "city": Object {
                  "location": Object {
                    "latitude": 52.3909553943508,
                    "longitude": 4.85309666406198,
                    "zoom": 12,
                  },
                  "name": "Amsterdam",
                },
                "coordinate": Array [
                  52.3909553943508,
                  4.929309666406198,
                ],
                "features": Array [
                  "Entire place",
                  "3 Bedrooms",
                  "Max 4 adults",
                ],
                "hostUser": Object {
                  "avatar": "avatar-angelina.jpg",
                  "description": Array [
                    "A quiet cozy and picturesque that hides behind a a river
      by the unique lightness of Amsterdam. The building is green
      and from 18th century.",
                    "An independent House, strategically
      located between Rembrand Square and National Opera, but where
      the bustle of the city comes to rest in this alley flowery and
      colorful.",
                  ],
                  "name": "Angelina",
                  "status": "pro",
                },
                "id": "id2",
                "img": "apartment-02.jpg",
                "insideProperties": Array [
                  "Wi-Fi",
                  "Washing machine",
                  "Towels",
                  "Heating",
                  "Coffee machine",
                  "Baby seat",
                  "Kitchen",
                  "Dishwasher",
                  "Cabel TV",
                  "Fridge",
                ],
                "isPremium": false,
                "photos": Array [
                  "room.jpg",
                  "apartment-01.jpg",
                  "apartment-02.jpg",
                  "apartment-03.jpg",
                  "studio-01.jpg",
                  "apartment-01.jpg",
                ],
                "price": 200,
                "rating": 4,
                "reviews": Array [
                  Object {
                    "avatar": "avatar-max.jpg",
                    "date": "April 2019",
                    "description": "A quiet cozy and picturesque that hides behind a a river by the unique lightness of Amsterdam. The building is green and from 18th century.",
                    "id": "review1",
                    "name": "Max",
                    "rating": 4.7,
                  },
                ],
                "title": "Canal View Prinsengracht",
                "type": "apartment",
              },
              Object {
                "city": Object {
                  "location": Object {
                    "latitude": 52.3909553943508,
                    "longitude": 4.85309666406198,
                    "zoom": 12,
                  },
                  "name": "Amsterdam",
                },
                "coordinate": Array [
                  52.3809553943508,
                  4.939309666406198,
                ],
                "features": Array [
                  "Entire place",
                  "3 Bedrooms",
                  "Max 4 adults",
                ],
                "hostUser": Object {
                  "avatar": "avatar-angelina.jpg",
                  "description": Array [
                    "A quiet cozy and picturesque that hides behind a a river
      by the unique lightness of Amsterdam. The building is green
      and from 18th century.",
                    "An independent House, strategically
      located between Rembrand Square and National Opera, but where
      the bustle of the city comes to rest in this alley flowery and
      colorful.",
                  ],
                  "name": "Angelina",
                  "status": "pro",
                },
                "id": "id3",
                "img": "apartment-03.jpg",
                "insideProperties": Array [
                  "Wi-Fi",
                  "Washing machine",
                  "Towels",
                  "Heating",
                  "Coffee machine",
                  "Baby seat",
                  "Kitchen",
                  "Dishwasher",
                  "Cabel TV",
                  "Fridge",
                ],
                "isPremium": true,
                "photos": Array [
                  "room.jpg",
                  "apartment-01.jpg",
                  "apartment-02.jpg",
                  "apartment-03.jpg",
                  "studio-01.jpg",
                  "apartment-01.jpg",
                ],
                "price": 180,
                "rating": 5,
                "reviews": Array [
                  Object {
                    "avatar": "avatar-max.jpg",
                    "date": "April 2019",
                    "description": "A quiet cozy and picturesque that hides behind a a river by the unique lightness of Amsterdam. The building is green and from 18th century.",
                    "id": "review1",
                    "name": "Max",
                    "rating": 4.7,
                  },
                ],
                "title": "Nice, cozy, warm big bed apartment",
                "type": "apartment",
              },
            ]
          }
        />
      </section>
    </div>
  </main>
</div>
`;
